full backup database
---------------------------------
sql>startup mount;
sql>alter database archivelog;
sql>alter database open;
sql>archive log list;
sql> exit
rman>rman target /
rman>backup database;


If full database lost
=============================================
[Oracle] rman target /
rman> backup database;
rman>exit


[oracle] cd /u01/rman_bkp/
[oracle] ll
checking for the backuped files
[oracle] sqlplus / as sysdba


select name from v$datafile;
select name from $controlfile;
select member from v$logfile;

make all three together by  UNION to remove all the files at a TIME

select  'rm '|| name from v$datafile        
union
select  'rm '|| name from v$controlfile
union         
select  'rm '|| member from v$logfile;


copy all the datafiles from v$datafile,v$controlfile & v$logfile and make it copy into 
note pad

rm /u01/app/oracle/fast_recovery_area/PRODDB/controlfile/o1_mf_lrn5lhlr_.ctl
rm /u01/app/oracle/fast_recovery_area/PRODDB/onlinelog/o1_mf_1_mo63cccy_.log
rm /u01/app/oracle/fast_recovery_area/PRODDB/onlinelog/o1_mf_2_mo63cc9x_.log
rm /u01/app/oracle/fast_recovery_area/PRODDB/onlinelog/o1_mf_3_mo63cdtn_.log
rm /u01/app/oracle/oradata/PRODDB/controlfile/o1_mf_lrn5lhl8_.ctl
rm /u01/app/oracle/oradata/PRODDB/datafile/o1_mf_soetbs_mo62qpgd_.dbf
rm /u01/app/oracle/oradata/PRODDB/datafile/o1_mf_sysaux_mo62qpgw_.dbf
rm /u01/app/oracle/oradata/PRODDB/datafile/o1_mf_system_mo62qpgf_.dbf
rm /u01/app/oracle/oradata/PRODDB/datafile/o1_mf_undotbs1_mo62qpgx_.dbf
rm /u01/app/oracle/oradata/PRODDB/datafile/o1_mf_users_mo62qph2_.dbf
rm /u01/app/oracle/oradata/PRODDB/onlinelog/o1_mf_1_mo63cbpv_.log
rm /u01/app/oracle/oradata/PRODDB/onlinelog/o1_mf_2_mo63cbr5_.log
rm /u01/app/oracle/oradata/PRODDB/onlinelog/o1_mf_3_mo63cdj5_.log

[oracle] now paste all the files above and execute in os level
all the files were deleted 
[Oracle]exit

sql> create table venky (sl number, name varchar2(20));
sql> insert into venky values (10, 'venky');
sql> archive log list;
sql> alter system switch logfile;
sql>/
sql>/
sql>/
sql>/
sql> archive log list;



[oracle@oraclept ~]$ sqlplus / as SYSDBA


sql> shut abort;

sql> startup nomount;

sql> exit
[oracle@oraclept ~]$ rman target /


rman> restore controlfile from '/u01/rman_bkp/c-896617639-20241206-00';

rman> alter database mount;

rman> restore database;

rman> recover database;

if any error appears about media recovery then just do ***** alter database open resetlogs ******

rman> alter database open;

rman> alter database open resetlogs;



loss of system datafile:
=================================================================

connect to sqlplus / as sysdba
select * from v$datafile;
select the datafile to delete copy that datafile

sql> exit
[oracle] rm 'selected datafile'

connect to sqlplus / as sysdba

alter system switch logfile;
again do the above for two more times (here the datafile existed or not we get the information)

check for datafile in the list

sql>select * from v$recover_file;
deleted datafile avilable here with number 

sql> shutdown abort;

sql> startup mount;

sql> select * from v$recover_file;
sql> EXIT
[oracle] rman target /


rman> restore datafile 1;

rman> recover datafile 1;

rman>alter database open;
rman> exit
[oracle] sqlplus / as sysdba


SQL> select * from v$recover_file;

no rows selected

*****************************

### controlfile
[oracle] sqlplus / as sysdba

sql> select name from v$controlfile;
copy the controle file to delete from os level
sql> exit
[oracle] rm 'controlfile'

[oracle] sqlplus / as sysdba
sql> alter system switch log file;
do above two more times if error appears controlfile deleted 
now check in 
sql> select * from v$recover_file;
deleted controlfile info available here

sql> shutdown abort;
sql> startup nomount 
sql> exit
[oracle] rman target /
RESTORE CONTROL FROM 'BACK UP LOACTION'
rman> restore controlfile from '/u01/rman_bkp/c-896617639-20241206-00';


rman> Startup mount; 
rman> recover database.
rman> alter database open resetlogs;


?????????????????????????????????????????????????????????????????????????????????????????????????????????????????????????????????
loss of system datafile:
------------------------------
shutdown abort;
startup mount;
select * from v$recover_file;
restore datafile 1;
recover datafile 1;
alter database open;



### controlfile
---------------------------------------
shutdown abort;
startup nomount 
RESTORE CONTROL FROM 'BACK UP LOACTION'
Startup mount; 
recover database.
alter database open resetlogs;



SYSAUX/NON SYSTEM
------------------------------------
sql ‘alter database <datafile number offline>’;
RMAN>restore datafile <datafile number>;
RMAN>recover datafile <datafile number>;
RMAN>sql ‘alter database <datafile number online>’;



datafile without backup.
------------------------------------------------------
	• Login to RMAN
	• And offline that table space.
	RMAN> alter tablespace <tablespace_name>  offline;
	• Restore that table space
	RMAN> restore tablespace <tablespace_name>
	• Recover that table space.
	RMAN> recover table space <table space name>
	• And online that table space.
	• RMAN> alter tablespace <tablespace_name>  online;
